// Jest Snapshot v1, https://goo.gl/fbAQLP

exports[`<Header /> Header snapshot 1`] = `
<header
  className="header"
>
  <img
    alt="Platzi Video"
    className="header__img"
    src="test-file-stub"
  />
  <div
    className="header__menu"
  >
    <div
      className="header__menu--profile"
    >
      <img
        alt=""
        src="test-file-stub"
      />
      <p>
        Perfil
      </p>
    </div>
    <ul>
      <li>
        <a
          href="/login"
          onClick={[Function]}
        >
          Login
        </a>
      </li>
    </ul>
  </div>
</header>
`;
